[pixelwibes.com/template/my-task/html/dist/index.html]
[backblue.gif]
[fade.gif]
[index.html]
[pixelwibes.com/template/my-task/html/dist/favicon.ico]
[pixelwibes.com/template/my-task/html/dist/assets/css/my-task.style.min.css]
[pixelwibes.com/template/my-task/html/dist/project-dashboard.html]
[pixelwibes.com/template/my-task/html/dist/projects.html]
[pixelwibes.com/template/my-task/html/dist/task.html]
[pixelwibes.com/template/my-task/html/dist/timesheet.html]
[pixelwibes.com/template/my-task/html/dist/team-leader.html]
[pixelwibes.com/template/my-task/html/dist/tickets.html]
[pixelwibes.com/template/my-task/html/dist/ticket-detail.html]
[pixelwibes.com/template/my-task/html/dist/ourclients.html]
[pixelwibes.com/template/my-task/html/dist/profile.html]
[pixelwibes.com/template/my-task/html/dist/members.html]
[pixelwibes.com/template/my-task/html/dist/employee-profile.html]
[pixelwibes.com/template/my-task/html/dist/holidays.html]
[pixelwibes.com/template/my-task/html/dist/attendance-employees.html]
[pixelwibes.com/template/my-task/html/dist/attendance.html]
[pixelwibes.com/template/my-task/html/dist/leave-request.html]
[pixelwibes.com/template/my-task/html/dist/department.html]
[pixelwibes.com/template/my-task/html/dist/loan.html]
[pixelwibes.com/template/my-task/html/dist/invoices.html]
[pixelwibes.com/template/my-task/html/dist/payments.html]
[pixelwibes.com/template/my-task/html/dist/expenses.html]
[pixelwibes.com/template/my-task/html/dist/create-invoice.html]
[pixelwibes.com/template/my-task/html/dist/salaryslip.html]
[pixelwibes.com/template/my-task/html/dist/calendar.html]
[pixelwibes.com/template/my-task/html/dist/chat.html]
[pixelwibes.com/template/my-task/html/dist/charts.html]
[pixelwibes.com/template/my-task/html/dist/forms.html]
[pixelwibes.com/template/my-task/html/dist/table.html]
[pixelwibes.com/template/my-task/html/dist/review.html]
[pixelwibes.com/template/my-task/html/dist/icon.html]
[pixelwibes.com/template/my-task/html/dist/contact.html]
[pixelwibes.com/template/my-task/html/dist/widgets.html]
[pixelwibes.com/template/my-task/html/dist/todo-list.html]
[pixelwibes.com/template/my-task/html/dist/ui-elements/ui-alerts.html]
[pixelwibes.com/template/my-task/html/dist/help.html]
[pixelwibes.com/template/my-task/html/dist/assets/images/xs/avatar2.jpg]
[pixelwibes.com/template/my-task/html/dist/assets/images/xs/avatar1.jpg]
[pixelwibes.com/template/my-task/html/dist/assets/images/xs/avatar3.jpg]
[pixelwibes.com/template/my-task/html/dist/assets/images/xs/avatar4.jpg]
[pixelwibes.com/template/my-task/html/dist/assets/images/xs/avatar7.jpg]
[pixelwibes.com/template/my-task/html/dist/assets/images/xs/avatar8.jpg]
[pixelwibes.com/template/my-task/html/dist/assets/images/xs/avatar5.jpg]
[pixelwibes.com/template/my-task/html/dist/assets/images/xs/avatar6.jpg]
[pixelwibes.com/template/my-task/html/dist/assets/images/profile_av.png]
[pixelwibes.com/template/my-task/html/dist/ui-elements/auth-signin.html]
[pixelwibes.com/template/my-task/html/dist/ui-elements/auth-signup.html]
[pixelwibes.com/template/my-task/html/dist/assets/images/lg/avatar2.jpg]
[pixelwibes.com/template/my-task/html/dist/assets/images/lg/avatar9.jpg]
[pixelwibes.com/template/my-task/html/dist/assets/images/lg/avatar12.jpg]
[pixelwibes.com/template/my-task/html/dist/assets/images/lg/avatar8.jpg]
[pixelwibes.com/template/my-task/html/dist/assets/images/lg/avatar7.jpg]
[pixelwibes.com/template/my-task/html/dist/assets/images/lg/avatar3.jpg]
[pixelwibes.com/template/my-task/html/dist/assets/images/lg/avatar5.jpg]
[pixelwibes.com/template/my-task/html/dist/assets/bundles/libscripts.bundle.js]
[pixelwibes.com/template/my-task/html/dist/assets/bundles/apexcharts.bundle.js]
[pixelwibes.com/template/my-task/html/js/template.js]
[pixelwibes.com/template/my-task/html/js/page/hr.js]
[pixelwibes.com/template/my-task/html/dist/index.html]
[pixelwibes.com/template/my-task/html/dist/assets/fonts/icofont/fonts/icofont.eot]
[pixelwibes.com/template/my-task/html/dist/assets/fonts/icofont/fonts/icofontd41d.eot]
[pixelwibes.com/template/my-task/html/dist/assets/fonts/icofont/fonts/icofont.woff]
[pixelwibes.com/template/my-task/html/dist/assets/fonts/icofont/fonts/icofont.ttf]
[pixelwibes.com/template/my-task/html/dist/assets/css/my-task.style.min.css]
[pixelwibes.com/template/my-task/html/dist/assets/plugin/datatables/responsive.dataTables.min.css]
[pixelwibes.com/template/my-task/html/dist/assets/plugin/datatables/dataTables.bootstrap5.min.css]
[pixelwibes.com/template/my-task/html/dist/assets/bundles/dataTables.bundle.js]
[pixelwibes.com/template/my-task/html/js/page/index.js]
[pixelwibes.com/template/my-task/html/dist/project-dashboard.html]
[pixelwibes.com/template/my-task/html/dist/assets/images/xs/avatar10.jpg]
[pixelwibes.com/template/my-task/html/dist/assets/images/xs/avatar11.jpg]
[pixelwibes.com/template/my-task/html/dist/assets/images/xs/avatar9.jpg]
[pixelwibes.com/template/my-task/html/dist/projects.html]
[pixelwibes.com/template/my-task/html/dist/assets/plugin/nestable/jquery-nestable.css]
[pixelwibes.com/template/my-task/html/dist/assets/bundles/nestable.bundle.js]
[pixelwibes.com/template/my-task/html/dist/task.html]
[pixelwibes.com/template/my-task/html/js/page/task.js]
[pixelwibes.com/template/my-task/html/dist/timesheet.html]
[pixelwibes.com/template/my-task/html/dist/team-leader.html]
[pixelwibes.com/template/my-task/html/dist/tickets.html]
[pixelwibes.com/template/my-task/html/dist/ticket-detail.html]
[pixelwibes.com/template/my-task/html/dist/assets/images/lg/avatar10.jpg]
[pixelwibes.com/template/my-task/html/dist/assets/images/lg/avatar11.jpg]
[pixelwibes.com/template/my-task/html/dist/assets/images/lg/avatar6.jpg]
[pixelwibes.com/template/my-task/html/dist/assets/images/lg/avatar1.jpg]
[pixelwibes.com/template/my-task/html/dist/ourclients.html]
[pixelwibes.com/template/my-task/html/dist/profile.html]
[pixelwibes.com/template/my-task/html/dist/assets/images/lg/avatar4.jpg]
[pixelwibes.com/template/my-task/html/dist/members.html]
[pixelwibes.com/template/my-task/html/dist/employee-profile.html]
[pixelwibes.com/template/my-task/html/dist/holidays.html]
[pixelwibes.com/template/my-task/html/dist/attendance-employees.html]
[pixelwibes.com/template/my-task/html/dist/attendance.html]
[pixelwibes.com/template/my-task/html/dist/leave-request.html]
[pixelwibes.com/template/my-task/html/dist/department.html]
[pixelwibes.com/template/my-task/html/dist/loan.html]
[pixelwibes.com/template/my-task/html/dist/invoices.html]
[pixelwibes.com/template/my-task/html/dist/payments.html]
[pixelwibes.com/template/my-task/html/dist/expenses.html]
[pixelwibes.com/template/my-task/html/dist/assets/bundles/invoice.bundle.js]
[pixelwibes.com/template/my-task/html/dist/create-invoice.html]
[pixelwibes.com/template/my-task/html/dist/salaryslip.html]
[pixelwibes.com/template/my-task/html/dist/assets/plugin/fullcalendar/main.min.css]
[pixelwibes.com/template/my-task/html/dist/calendar.html]
[pixelwibes.com/template/my-task/html/dist/assets/plugin/fullcalendar/main.min.js]
[pixelwibes.com/template/my-task/html/dist/assets/images/gallery/1.jpg]
[pixelwibes.com/template/my-task/html/dist/assets/images/gallery/2.jpg]
[pixelwibes.com/template/my-task/html/dist/chat.html]
[pixelwibes.com/template/my-task/html/dist/charts.html]
[pixelwibes.com/template/my-task/html/js/page/chart-apex.js]
[pixelwibes.com/template/my-task/html/dist/assets/plugin/parsleyjs/css/parsley.css]
[pixelwibes.com/template/my-task/html/dist/forms.html]
[pixelwibes.com/template/my-task/html/dist/assets/plugin/parsleyjs/js/parsley.js]
[pixelwibes.com/template/my-task/html/dist/assets/images/xs/avatar12.jpg]
[pixelwibes.com/template/my-task/html/dist/table.html]
[pixelwibes.com/template/my-task/html/dist/review.html]
[pixelwibes.com/template/my-task/html/dist/icon.html]
[pixelwibes.com/template/my-task/html/dist/contact.html]
[pixelwibes.com/template/my-task/html/dist/widgets.html]
[pixelwibes.com/template/my-task/html/js/page/todo.js]
[pixelwibes.com/template/my-task/html/dist/todo-list.html]
[pixelwibes.com/template/my-task/html/dist/assets/plugin/prism/prism.css]
[pixelwibes.com/template/my-task/html/dist/ui-elements/index.html]
[pixelwibes.com/template/my-task/html/dist/ui-elements/auth-password-reset.html]
[pixelwibes.com/template/my-task/html/dist/ui-elements/auth-two-step.html]
[pixelwibes.com/template/my-task/html/dist/ui-elements/auth-404.html]
[pixelwibes.com/template/my-task/html/dist/ui-elements/ui-badge.html]
[pixelwibes.com/template/my-task/html/dist/ui-elements/ui-breadcrumb.html]
[pixelwibes.com/template/my-task/html/dist/ui-elements/ui-buttons.html]
[pixelwibes.com/template/my-task/html/dist/ui-elements/ui-card.html]
[pixelwibes.com/template/my-task/html/dist/ui-elements/ui-carousel.html]
[pixelwibes.com/template/my-task/html/dist/ui-elements/ui-collapse.html]
[pixelwibes.com/template/my-task/html/dist/ui-elements/ui-dropdowns.html]
[pixelwibes.com/template/my-task/html/dist/ui-elements/ui-listgroup.html]
[pixelwibes.com/template/my-task/html/dist/ui-elements/ui-modal.html]
[pixelwibes.com/template/my-task/html/dist/ui-elements/ui-navs.html]
[pixelwibes.com/template/my-task/html/dist/ui-elements/ui-navbar.html]
[pixelwibes.com/template/my-task/html/dist/ui-elements/ui-pagination.html]
[pixelwibes.com/template/my-task/html/dist/ui-elements/ui-popovers.html]
[pixelwibes.com/template/my-task/html/dist/ui-elements/ui-progress.html]
[pixelwibes.com/template/my-task/html/dist/ui-elements/ui-scrollspy.html]
[pixelwibes.com/template/my-task/html/dist/ui-elements/ui-spinners.html]
[pixelwibes.com/template/my-task/html/dist/ui-elements/ui-toasts.html]
[pixelwibes.com/template/my-task/html/dist/ui-elements/ui-tooltips.html]
[pixelwibes.com/template/my-task/html/dist/ui-elements/documentation.html]
[pixelwibes.com/template/my-task/html/dist/ui-elements/changelog.html]
[pixelwibes.com/template/my-task/html/dist/ui-elements/help.html]
[pixelwibes.com/template/my-task/html/dist/ui-elements/ui-alerts.html]
[pixelwibes.com/template/my-task/html/dist/help.html]
[pixelwibes.com/template/my-task/html/dist/assets/plugin/prism/prism.js]
[pixelwibes.com/template/my-task/html/dist/ui-elements/auth-signin.html]
[pixelwibes.com/template/my-task/html/dist/ui-elements/auth-signup.html]
[pixelwibes.com/template/my-task/html/dist/assets/images/interview.svg]
[pixelwibes.com/template/my-task/html/dist/assets/fonts/icofont/fonts/icofont.svg]
[pixelwibes.com/template/my-task/html/dist/assets/plugin/datatables/responsive.dataTables.min.css]
[pixelwibes.com/template/my-task/html/dist/assets/plugin/datatables/dataTables.bootstrap5.min.css]
[pixelwibes.com/template/my-task/html/dist/assets/images/task-view.svg]
[pixelwibes.com/template/my-task/html/dist/assets/plugin/nestable/jquery-nestable.css]
[pixelwibes.com/template/my-task/html/dist/assets/images/logo.svg]
[pixelwibes.com/template/my-task/html/dist/assets/plugin/fullcalendar/main.min.css]
[pixelwibes.com/template/my-task/html/dist/assets/plugin/parsleyjs/css/parsley.css]
[pixelwibes.com/template/my-task/html/dist/assets/plugin/prism/prism.css]
[pixelwibes.com/template/my-task/html/dist/ui-elements/index.html]
[pixelwibes.com/template/my-task/html/dist/ui-elements/auth-password-reset.html]
[pixelwibes.com/template/my-task/html/dist/ui-elements/auth-two-step.html]
[pixelwibes.com/template/my-task/html/dist/ui-elements/auth-404.html]
[pixelwibes.com/template/my-task/html/dist/ui-elements/ui-badge.html]
[pixelwibes.com/template/my-task/html/dist/ui-elements/ui-breadcrumb.html]
[pixelwibes.com/template/my-task/html/dist/ui-elements/ui-buttons.html]
[pixelwibes.com/template/my-task/html/dist/assets/images/gallery/6.jpg]
[pixelwibes.com/template/my-task/html/dist/assets/images/gallery/10.jpg]
[pixelwibes.com/template/my-task/html/dist/assets/images/gallery/8.jpg]
[pixelwibes.com/template/my-task/html/dist/assets/images/gallery/5.jpg]
[pixelwibes.com/template/my-task/html/dist/assets/images/gallery/9.jpg]
[pixelwibes.com/template/my-task/html/dist/assets/images/gallery/3.jpg]
[pixelwibes.com/template/my-task/html/dist/assets/images/gallery/7.jpg]
[pixelwibes.com/template/my-task/html/dist/assets/images/gallery/4.jpg]
[pixelwibes.com/template/my-task/html/dist/ui-elements/ui-card.html]
[pixelwibes.com/template/my-task/html/dist/ui-elements/ui-carousel.html]
[pixelwibes.com/template/my-task/html/dist/ui-elements/ui-collapse.html]
[pixelwibes.com/template/my-task/html/dist/ui-elements/ui-dropdowns.html]
[pixelwibes.com/template/my-task/html/dist/ui-elements/ui-listgroup.html]
[pixelwibes.com/template/my-task/html/dist/ui-elements/ui-modal.html]
[pixelwibes.com/template/my-task/html/dist/ui-elements/ui-navs.html]
[pixelwibes.com/template/my-task/html/dist/ui-elements/ui-navbar.html]
[pixelwibes.com/template/my-task/html/dist/ui-elements/ui-pagination.html]
[pixelwibes.com/template/my-task/html/dist/ui-elements/ui-popovers.html]
[pixelwibes.com/template/my-task/html/dist/ui-elements/ui-progress.html]
[pixelwibes.com/template/my-task/html/dist/ui-elements/ui-scrollspy.html]
[pixelwibes.com/template/my-task/html/dist/ui-elements/ui-spinners.html]
[pixelwibes.com/template/my-task/html/dist/ui-elements/ui-toasts.html]
[pixelwibes.com/template/my-task/html/dist/ui-elements/ui-tooltips.html]
[pixelwibes.com/template/my-task/html/dist/assets/images/document/menu-open.png]
[pixelwibes.com/template/my-task/html/dist/assets/images/document/menu-close.png]
[pixelwibes.com/template/my-task/html/dist/ui-elements/documentation.html]
[pixelwibes.com/template/my-task/html/dist/ui-elements/changelog.html]
[pixelwibes.com/template/my-task/html/dist/ui-elements/help.html]
[pixelwibes.com/template/my-task/html/dist/assets/images/login-img.svg]
[pixelwibes.com/template/my-task/html/dist/assets/images/google.svg]
[pixelwibes.com/template/my-task/html/dist/assets/images/no-data.svg]
[pixelwibes.com/template/my-task/html/dist/assets/images/forgot-password.svg]
[pixelwibes.com/template/my-task/html/dist/assets/images/verify.svg]
[pixelwibes.com/template/my-task/html/dist/assets/images/not_found.svg]
[pixelwibes.com/template/my-task/html/dist/ui-elements/setting.html]
[pixelwibes.com/template/my-task/html/dist/ui-elements/members.html]
[pixelwibes.com/template/my-task/html/dist/assets/images/change-log.svg]
[cdnjs.cloudflare.com/ajax/libs/font-awesome/4.7.0/css/font-awesome.min.css]
[cdn.jsdelivr.net/npm/bootstrap-icons@1.3.0/font/bootstrap-icons.css]
[cdn.jsdelivr.net/npm/popper.js@1.16.1/dist/umd/popper.min.js]
